// Jest Snapshot v1, https://goo.gl/fbAQLP

exports[`<App /> should match snapshot 1`] = `
<div
  className="sc-ifAKCX dOVvBb"
>
  <h1
    className="sc-EHOje kiphWW"
  >
    React Wars
  </h1>
  <div
    className="sc-bxivhb jYLQkj"
  />
</div>
`;
